should set values properly:
  1: |
    kubernetes.io/ingress.class: nginx
  2: |
    rules:
    - http:
        paths:
        - backend:
            serviceName: release-xwiki
            servicePort: 80
          path: /
